\BOOKMARK [1][-]{section.1}{\376\377\000I\000n\000t\000r\000o\000d\000u\000c\000t\000i\000o\000n}{}% 1
\BOOKMARK [2][-]{subsection.1.1}{\376\377\000B\000a\000c\000k\000g\000r\000o\000u\000n\000d}{section.1}% 2
\BOOKMARK [2][-]{subsection.1.2}{\376\377\000O\000u\000r\000\040\000C\000o\000n\000t\000r\000i\000b\000u\000t\000i\000o\000n\000s}{section.1}% 3
\BOOKMARK [2][-]{subsection.1.3}{\376\377\000T\000e\000c\000h\000n\000i\000c\000a\000l\000\040\000D\000e\000t\000a\000i\000l\000s}{section.1}% 4
\BOOKMARK [2][-]{subsection.1.4}{\376\377\000C\000o\000m\000p\000a\000r\000i\000s\000o\000n\000\040\000w\000i\000t\000h\000\040\000t\000h\000e\000\040\000P\000r\000o\000c\000e\000e\000d\000i\000n\000g\000s\000\040\000V\000e\000r\000s\000i\000o\000n}{section.1}% 5
\BOOKMARK [1][-]{section.2}{\376\377\000P\000r\000e\000l\000i\000m\000i\000n\000a\000r\000i\000e\000s}{}% 6
\BOOKMARK [2][-]{subsection.2.1}{\376\377\000F\000i\000n\000e\000-\000G\000r\000a\000i\000n\000e\000d\000\040\000M\000u\000l\000t\000i\000-\000P\000a\000r\000t\000y\000\040\000N\000I\000K\000E}{section.2}% 7
\BOOKMARK [1][-]{section.3}{\376\377\000F\000i\000n\000e\000-\000G\000r\000a\000i\000n\000e\000d\000\040\000M\000u\000l\000t\000i\000-\000P\000a\000r\000t\000y\000\040\000N\000I\000K\000E\000\040\000b\000a\000s\000e\000d\000\040\000o\000n\000\040\000N\000C\0001\000L\000/\000p\000o\000l\000y}{}% 8
\BOOKMARK [2][-]{subsection.3.1}{\376\377\000B\000a\000c\000k\000g\000r\000o\000u\000n\000d\000\040\000o\000n\000\040\000t\000h\000e\000\040\000N\000C\0001\000-\000F\000i\000n\000e\000-\000G\000r\000a\000i\000n\000e\000d\000\040\000S\000e\000t\000t\000i\000n\000g}{section.3}% 9
\BOOKMARK [2][-]{subsection.3.2}{\376\377\000O\000u\000r\000\040\000C\000o\000n\000s\000t\000r\000u\000c\000t\000i\000o\000n}{section.3}% 10
\BOOKMARK [1][-]{section.4}{\376\377\000F\000i\000n\000e\000-\000G\000r\000a\000i\000n\000e\000d\000\040\000M\000u\000l\000t\000i\000-\000P\000a\000r\000t\000y\000\040\000N\000I\000K\000E\000\040\000b\000a\000s\000e\000d\000\040\000o\000n\000\040\000Z\000e\000r\000o\000-\000k\000-\000C\000l\000i\000q\000u\000e}{}% 11
\BOOKMARK [2][-]{subsection.4.1}{\376\377\000Z\000e\000r\000o\000-\000k\000-\000C\000l\000i\000q\000u\000e\000\040\000P\000r\000o\000b\000l\000e\000m\000\040\000a\000n\000d\000\040\000I\000t\000s\000\040\000P\000r\000o\000p\000e\000r\000t\000i\000e\000s}{section.4}% 12
\BOOKMARK [2][-]{subsection.4.2}{\376\377\000C\000o\000n\000s\000t\000r\000u\000c\000t\000i\000o\000n}{section.4}% 13
\BOOKMARK [1][-]{section.5}{\376\377\000M\000u\000l\000t\000i\000-\000P\000a\000r\000t\000y\000\040\000K\000e\000y\000\040\000E\000x\000c\000h\000a\000n\000g\000e\000\040\000i\000n\000\040\000t\000h\000e\000\040\000B\000o\000u\000n\000d\000e\000d\000\040\000S\000t\000o\000r\000a\000g\000e\000\040\000M\000o\000d\000e\000l}{}% 14
\BOOKMARK [2][-]{subsection.5.1}{\376\377\000O\000u\000r\000\040\000C\000o\000n\000s\000t\000r\000u\000c\000t\000i\000o\000n}{section.5}% 15
\BOOKMARK [2][-]{subsection.5.2}{\376\377\000L\000i\000m\000i\000t\000a\000t\000i\000o\000n\000s\000\040\000o\000f\000\040\000M\000u\000l\000t\000i\000-\000P\000a\000r\000t\000y\000\040\000N\000I\000K\000E\000s\000\040\000i\000n\000\040\000t\000h\000e\000\040\000B\000S\000M}{section.5}% 16
\BOOKMARK [1][-]{appendix.A}{\376\377\000F\000i\000n\000e\000-\000G\000r\000a\000i\000n\000e\000d\000\040\000M\000u\000l\000t\000i\000-\000P\000a\000r\000t\000y\000\040\000I\000B\000-\000N\000I\000K\000E\000\040\000a\000n\000d\000\040\000B\000P\000R\000F}{}% 17
\BOOKMARK [2][-]{subsection.A.1}{\376\377\000D\000e\000f\000i\000n\000i\000t\000i\000o\000n\000s}{appendix.A}% 18
\BOOKMARK [2][-]{subsection.A.2}{\376\377\000C\000o\000n\000s\000t\000r\000u\000c\000t\000i\000o\000n\000s\000\040\000o\000f\000\040\000M\000u\000l\000t\000i\000-\000P\000a\000r\000t\000y\000\040\000I\000B\000-\000N\000I\000K\000E}{appendix.A}% 19
\BOOKMARK [2][-]{subsection.A.3}{\376\377\000B\000P\000R\000F\000\040\000f\000r\000o\000m\000\040\000M\000u\000l\000t\000i\000-\000P\000a\000r\000t\000y\000\040\000N\000I\000K\000E\000\040\000w\000i\000t\000h\000\040\000E\000x\000t\000e\000n\000d\000a\000b\000i\000l\000i\000t\000y}{appendix.A}% 20
\BOOKMARK [2][-]{subsection.A.4}{\376\377\000E\000x\000t\000e\000n\000d\000a\000b\000i\000l\000i\000t\000y\000\040\000o\000f\000\040\000O\000u\000r\000\040\000M\000u\000l\000t\000i\000-\000P\000a\000r\000t\000y\000\040\000N\000I\000K\000E\000s}{appendix.A}% 21
